// Jest Snapshot v1, https://goo.gl/fbAQLP

exports[`Switch should match snapshot 1`] = `
<button
  aria-checked="false"
  class="ant-switch css-dev-only-do-not-override-nnuwmp"
  role="switch"
  type="button"
>
  <div
    class="ant-switch-handle"
  />
  <span
    class="ant-switch-inner"
  >
    <span
      class="ant-switch-inner-checked"
    />
    <span
      class="ant-switch-inner-unchecked"
    />
  </span>
</button>
`;
