// Jest Snapshot v1, https://goo.gl/fbAQLP

exports[`Watermark  should match snapshot 1`] = `
<div
  class=""
  style="position: relative;"
>
  <div
    style="z-index: 9; position: absolute; left: 0; top: 0; width: 100%; height: 100%; pointer-events: none; background-repeat: repeat; background-position: 0px 0px; background-image: url('data:image/png;base64,iVBORw0KGgoAAAANSUhEUgAAAVYAAADoCAYAAAC0GMwyAAAABmJLR0QA/wD/AP+gvaeTAAABSklEQVR4nO3BMQEAAADCoPVP7WULoAAAAAAAAAAAAAAAAAAAAAAAAAAAAAAAAAAAAAAAAAAAAAAAAAAAAAAAAAAAAAAAAAAAAAAAAAAAAAAAAAAAAAAAAAAAAAAAAAAAAAAAAAAAAAAAAAAAAAAAAAAAAAAAAAAAAAAAAAAAAAAAAAAAAAAAAAAAAAAAAAAAAAAAAAAAAAAAAAAAAAAAAAAAAAAAAAAAAAAAAAAAAAAAAAAAAAAAAAAAAAAAAAAAAAAAAAAAAAAAAAAAAAAAAAAAAAAAAAAAAAAAAAAAAAAAAAAAAAAAAAAAAAAAAAAAAAAAAAAAAAAAAAAAAAAAAAAAAAAAAAAAAAAAAAAAAAAAAAAAAAAAAAAAAAAAAAAAAAAAAAAAAAAAAAAAAAAAAAAAAAAAAAAAAAAAAAAAAAAAAAAAAAAAAACAG9jkAAEvpkN0AAAAAElFTkSuQmCC'); background-size: 342px;"
  />
</div>
`;
