// Jest Snapshot v1, https://goo.gl/fbAQLP

exports[`<Drawer /> should match snapshot 1`] = `
<button
  class="ant-btn css-dev-only-do-not-override-htwhyh ant-btn-primary"
  type="button"
>
  <span>
    Open
  </span>
</button>
`;
