// Jest Snapshot v1, https://goo.gl/fbAQLP

exports[`Steps should match snapshot 1`] = `
<div
  class="ant-steps ant-steps-horizontal css-dev-only-do-not-override-nnuwmp ant-steps-label-horizontal"
>
  <div
    class="ant-steps-item ant-steps-item-process ant-steps-item-active"
  >
    <div
      class="ant-steps-item-container"
    >
      <div
        class="ant-steps-item-tail"
      />
      <div
        class="ant-steps-item-icon"
      >
        <span
          class="ant-steps-icon"
        >
          1
        </span>
      </div>
      <div
        class="ant-steps-item-content"
      >
        <div
          class="ant-steps-item-title"
        >
          Finished
        </div>
        <div
          class="ant-steps-item-description"
        >
          This is description
        </div>
      </div>
    </div>
  </div>
  <div
    class="ant-steps-item ant-steps-item-wait"
  >
    <div
      class="ant-steps-item-container"
    >
      <div
        class="ant-steps-item-tail"
      />
      <div
        class="ant-steps-item-icon"
      >
        <span
          class="ant-steps-icon"
        >
          2
        </span>
      </div>
      <div
        class="ant-steps-item-content"
      >
        <div
          class="ant-steps-item-title"
        >
          In Progress
          <div
            class="ant-steps-item-subtitle"
            title="Left 00:00:08"
          >
            Left 00:00:08
          </div>
        </div>
        <div
          class="ant-steps-item-description"
        >
          This is description
        </div>
      </div>
    </div>
  </div>
  <div
    class="ant-steps-item ant-steps-item-wait"
  >
    <div
      class="ant-steps-item-container"
    >
      <div
        class="ant-steps-item-tail"
      />
      <div
        class="ant-steps-item-icon"
      >
        <span
          class="ant-steps-icon"
        >
          3
        </span>
      </div>
      <div
        class="ant-steps-item-content"
      >
        <div
          class="ant-steps-item-title"
        >
          Waiting
        </div>
        <div
          class="ant-steps-item-description"
        >
          This is description
        </div>
      </div>
    </div>
  </div>
</div>
`;
